[admindesigns.com/stardom/index.html]
[backblue.gif]
[fade.gif]
[index.html]
[netdna.bootstrapcdn.com/bootstrap/3.1.0/css/bootstrap.min.css]
[netdna.bootstrapcdn.com/font-awesome/4.0.3/css/font-awesome.min.css]
[admindesigns.com/stardom/fonts/glyphicons_pro/glyphicons.min.css]
[admindesigns.com/stardom/vendor/plugins/calendar/fullcalendar.css]
[admindesigns.com/stardom/vendor/plugins/datatables/css/datatables.min.css]
[admindesigns.com/stardom/css/animate.css]
[admindesigns.com/stardom/css/theme.css]
[admindesigns.com/stardom/css/pages.css]
[admindesigns.com/stardom/css/plugins.css]
[admindesigns.com/stardom/css/responsive.css]
[admindesigns.com/stardom/css/boxed.css]
[admindesigns.com/stardom/css/demo.css]
[admindesigns.com/stardom/css/custom.css]
[admindesigns.com/stardom/img/favicon.ico]
[www.google-analytics.com/analytics.js]
[admindesigns.com/stardom/customizer.html]
[admindesigns.com/stardom/dashboard.html]
[admindesigns.com/stardom/img/logos/logo-red.png]
[admindesigns.com/stardom/img/avatars/header/2.jpg]
[admindesigns.com/stardom/img/avatars/header/3.jpg]
[admindesigns.com/stardom/img/avatars/header/1.jpg]
[admindesigns.com/stardom/img/avatars/header/4.jpg]
[admindesigns.com/stardom/messages.html]
[admindesigns.com/stardom/img/avatars/header/header-login.png]
[admindesigns.com/stardom/calendar.html]
[admindesigns.com/stardom/screen-lock.html]
[admindesigns.com/stardom/login.html]
[admindesigns.com/stardom/skin-demo.html]
[admindesigns.com/stardom/documentation/index.html]
[admindesigns.com/stardom/portlets.html]
[admindesigns.com/stardom/buttons.html]
[admindesigns.com/stardom/typography.html]
[admindesigns.com/stardom/elements.html]
[admindesigns.com/stardom/charts.html]
[admindesigns.com/stardom/tabs.html]
[admindesigns.com/stardom/grid.html]
[admindesigns.com/stardom/forms.html]
[admindesigns.com/stardom/validation.html]
[admindesigns.com/stardom/wizard.html]
[admindesigns.com/stardom/editors.html]
[admindesigns.com/stardom/editable.html]
[admindesigns.com/stardom/xedit.html]
[admindesigns.com/stardom/tables.html]
[admindesigns.com/stardom/datatables.html]
[admindesigns.com/stardom/pricing-tables.html]
[admindesigns.com/stardom/treeview.html]
[admindesigns.com/stardom/upload-tools.html]
[admindesigns.com/stardom/dynamic-gallery.html]
[admindesigns.com/stardom/image-tools.html]
[admindesigns.com/stardom/nestable.html]
[admindesigns.com/stardom/icons.html]
[admindesigns.com/stardom/animations.html]
[admindesigns.com/stardom/sliders.html]
[admindesigns.com/stardom/sketchpad.html]
[admindesigns.com/stardom/maps.html]
[admindesigns.com/stardom/map-window.html]
[admindesigns.com/stardom/maps-vector.html]
[admindesigns.com/stardom/widgets.html]
[admindesigns.com/stardom/invoice-page.html]
[admindesigns.com/stardom/timeline.html]
[admindesigns.com/stardom/gallery.html]
[admindesigns.com/stardom/profile.html]
[admindesigns.com/stardom/faq.html]
[admindesigns.com/stardom/coming-soon.html]
[admindesigns.com/stardom/404-page.html]
[admindesigns.com/stardom/500-page.html]
[admindesigns.com/stardom/blank.html]
[admindesigns.com/stardom/index-2.html]
[admindesigns.com/stardom/img/avatars/2.png]
[admindesigns.com/stardom/img/avatars/1.png]
[admindesigns.com/stardom/img/avatars/6.png]
[admindesigns.com/stardom/img/avatars/7.png]
[admindesigns.com/stardom/img/avatars/3.png]
[ajax.googleapis.com/ajax/libs/jquery/1.10.2/jquery.min.js]
[ajax.googleapis.com/ajax/libs/jqueryui/1.10.3/jquery-ui.min.js]
[netdna.bootstrapcdn.com/bootstrap/3.1.0/js/bootstrap.min.js]
[ajax.aspnetcdn.com/ajax/jquery.dataTables/1.9.4/jquery.dataTables.min.js]
[cdnjs.cloudflare.com/ajax/libs/fullcalendar/1.6.4/fullcalendar.min.js]
[admindesigns.com/stardom/vendor/plugins/calendar/gcal.js]
[admindesigns.com/stardom/vendor/plugins/jqueryflot/jquery.flot.resize.min.js]
[admindesigns.com/stardom/vendor/plugins/datatables/js/datatables.js]
[admindesigns.com/stardom/js/uniform.min.js]
[admindesigns.com/stardom/js/main.js]
[admindesigns.com/stardom/index.html]
[netdna.bootstrapcdn.com/bootstrap/3.1.0/css/bootstrap.min.css]
[netdna.bootstrapcdn.com/font-awesome/4.0.3/css/font-awesome.min.css]
[admindesigns.com/stardom/js/custom.js]
[admindesigns.com/stardom/fonts/glyphicons_pro/glyphicons-regular.eot]
[admindesigns.com/stardom/fonts/glyphicons_pro/glyphicons-regulard41d.eot]
[admindesigns.com/stardom/fonts/glyphicons_pro/glyphicons-regular.woff]
[admindesigns.com/stardom/fonts/glyphicons_pro/glyphicons-regular.ttf]
[admindesigns.com/stardom/fonts/glyphicons_pro/glyphicons.min.css]
[admindesigns.com/stardom/vendor/plugins/calendar/fullcalendar.css]
[admindesigns.com/stardom/vendor/plugins/datatables/images/sort_both.png]
[admindesigns.com/stardom/vendor/plugins/datatables/images/sort_asc.png]
[admindesigns.com/stardom/fonts/glyphicons_pro/glyphicons-regular.svg]
[admindesigns.com/stardom/vendor/plugins/datatables/images/sort_desc.png]
[admindesigns.com/stardom/vendor/plugins/datatables/images/sort_asc_disabled.png]
[admindesigns.com/stardom/vendor/plugins/datatables/images/back_enabled.png]
[admindesigns.com/stardom/vendor/plugins/datatables/images/back_enabled_hover.png]
[admindesigns.com/stardom/vendor/plugins/datatables/images/back_disabled.png]
[admindesigns.com/stardom/vendor/plugins/datatables/images/forward_enabled.png]
[admindesigns.com/stardom/vendor/plugins/datatables/images/forward_enabled_hover.png]
[admindesigns.com/stardom/vendor/plugins/datatables/images/forward_disabled.png]
[admindesigns.com/stardom/vendor/plugins/datatables/css/datatables.min.css]
[admindesigns.com/stardom/css/animate.css]
[admindesigns.com/stardom/img/form/menu-arrow-up.png]
[admindesigns.com/stardom/img/patterns/8.png]
[admindesigns.com/stardom/img/form/slider-knob.png]
[admindesigns.com/stardom/css/theme.css]
[admindesigns.com/stardom/img/patterns/coming-soon-bg.jpg]
[admindesigns.com/stardom/img/patterns/5.png]
[admindesigns.com/stardom/css/pages.css]
[admindesigns.com/stardom/vendor/plugins/uniform/themes/default/images/grip.png]
[admindesigns.com/stardom/vendor/plugins/gmap/images/arrow_left_12x12.png]
[admindesigns.com/stardom/vendor/plugins/gmap/images/arrow_right_12x12.png]
[admindesigns.com/stardom/img/form/sprite.png]
[admindesigns.com/stardom/img/form/bg-input.png]
[admindesigns.com/stardom/img/form/bg-input-focus.png]
[admindesigns.com/stardom/css/plugins.css]
[admindesigns.com/stardom/css/responsive.css]
[admindesigns.com/stardom/css/boxed.css]
[admindesigns.com/stardom/css/demo.css]
[admindesigns.com/stardom/css/custom.css]
[admindesigns.com/stardom/css/customizer.css]
[admindesigns.com/stardom/vendor/plugins/chosen/chosen.jquery.min.js]
[admindesigns.com/stardom/vendor/plugins/colorpicker/bootstrap-colorpicker.js]
[admindesigns.com/stardom/vendor/plugins/generateFile/assets/js/jquery.generateFile.js]
[admindesigns.com/stardom/vendor/plugins/generateFile/assets/js/script.js]
[admindesigns.com/stardom/customizer.html]
[admindesigns.com/stardom/dashboard.html]
[admindesigns.com/stardom/js/customizer.js]
[admindesigns.com/stardom/img/avatars/5.png]
[admindesigns.com/stardom/messages.html]
[admindesigns.com/stardom/calendar.html]
[admindesigns.com/stardom/vendor/plugins/colorpicker/colorpicker.css]
[admindesigns.com/stardom/img/avatars/login.png]
[admindesigns.com/stardom/screen-lock.html]
[admindesigns.com/stardom/login.html]
[admindesigns.com/stardom/skin-demo.html]
[admindesigns.com/stardom/fonts/icomoon/style.css]
[admindesigns.com/stardom/documentation/vendor/highlight/styles/github.css]
[admindesigns.com/stardom/vendor/plugins/prettify/prettify.css]
[admindesigns.com/stardom/vendor/plugins/datatables/css/datatables.css]
[admindesigns.com/stardom/documentation/css/theme.css]
[admindesigns.com/stardom/documentation/css/css.css]
[admindesigns.com/stardom/documentation/img/favicon.ico]
[admindesigns.com/stardom/documentation/img/logo.png]
[admindesigns.com/stardom/documentation/style-1-tab2.81.delayed]
[admindesigns.com/stardom/documentation/style-2-tab2]
[admindesigns.com/stardom/documentation/style-3-tab2]
[admindesigns.com/stardom/documentation/www.elevateweb.co.uk/image-zoom]
[admindesigns.com/stardom/frontend_preview.html]
[admindesigns.com/stardom/vendor/plugins/fitvids/jquery.fitvids.js]
[admindesigns.com/stardom/vendor/plugins/prettify/prettify.min.js]
[admindesigns.com/stardom/documentation/vendor/highlight/highlight.pack.js]
[admindesigns.com/stardom/documentation/js/main.js]
[admindesigns.com/stardom/documentation/pre.8a.delayed]
[admindesigns.com/stardom/documentation/index.html]
[admindesigns.com/stardom/vendor/plugins/formswitch/css/bootstrap-switch.css]
[admindesigns.com/stardom/portlets.html]
[admindesigns.com/stardom/vendor/plugins/formswitch/js/bootstrap-switch.min.js]
[admindesigns.com/stardom/vendor/plugins/ladda/ladda.min.css]
[admindesigns.com/stardom/buttons.html]
[admindesigns.com/stardom/typography.html]
[admindesigns.com/stardom/vendor/plugins/gritter/css/jquery.gritter.css]
[admindesigns.com/stardom/vendor/bootstrap/holder.js]
[admindesigns.com/stardom/vendor/plugins/gritter/js/jquery.gritter.min.js]
[admindesigns.com/stardom/elements.html]
[admindesigns.com/stardom/vendor/bootstrap/paginator/src/bootstrap-paginator.js]
[admindesigns.com/stardom/vendor/plugins/jqueryflot/jquery.flot.pie.min.js]
[admindesigns.com/stardom/charts.html]
[admindesigns.com/stardom/tabs.html]
[admindesigns.com/stardom/grid.html]
[admindesigns.com/stardom/js/charts.js]
[admindesigns.com/stardom/vendor/plugins/chosen/chosen.min.css]
[admindesigns.com/stardom/vendor/plugins/timepicker/bootstrap-timepicker.min.css]
[admindesigns.com/stardom/vendor/plugins/datepicker/datepicker.css]
[admindesigns.com/stardom/vendor/plugins/daterange/daterangepicker.css]
[admindesigns.com/stardom/vendor/plugins/tags/tagmanager.css]
[admindesigns.com/stardom/vendor/plugins/globalize/globalize.js]
[admindesigns.com/stardom/vendor/plugins/daterange/moment.min.js]
[admindesigns.com/stardom/vendor/plugins/daterange/daterangepicker.js]
[admindesigns.com/stardom/vendor/plugins/timepicker/bootstrap-timepicker.min.js]
[admindesigns.com/stardom/vendor/plugins/datepicker/bootstrap-datepicker.js]
[admindesigns.com/stardom/vendor/plugins/jquerymask/jquery.maskedinput.min.js]
[admindesigns.com/stardom/forms.html]
[admindesigns.com/stardom/vendor/plugins/tags/tagmanager.js]
[admindesigns.com/stardom/validation.html]
[admindesigns.com/stardom/vendor/plugins/validate/jquery.validate.js]
[admindesigns.com/stardom/wizard.html]
[admindesigns.com/stardom/vendor/plugins/formwizard/jquery.bootstrap.wizard.js]
[admindesigns.com/stardom/vendor/editors/summernote/summernote.css]
[admindesigns.com/stardom/vendor/editors/markitup/skins/simple/style.css]
[admindesigns.com/stardom/vendor/editors/markitup/sets/default/style.css]
[admindesigns.com/stardom/vendor/editors/summernote/summernote.js]
[admindesigns.com/stardom/vendor/editors/markitup/jquery.markitup.js]
[cdnjs.cloudflare.com/ajax/libs/ckeditor/4.0.1/ckeditor.js]
[admindesigns.com/stardom/editors.html]
[admindesigns.com/stardom/editable.html]
[admindesigns.com/stardom/vendor/editors/markitup/sets/default/set.js]
[admindesigns.com/stardom/vendor/editors/xeditable/css/bootstrap-editable.css]
[admindesigns.com/stardom/vendor/editors/xeditable/inputs/address/address.css]
[admindesigns.com/stardom/vendor/editors/xeditable/inputs/typeaheadjs/lib/typeahead.js-bootstrap.css]
[admindesigns.com/stardom/vendor/editors/xeditable/inputs/address/address.js]
[admindesigns.com/stardom/vendor/editors/xeditable/js/bootstrap-editable.js]
[admindesigns.com/stardom/vendor/editors/xeditable/inputs/typeaheadjs/lib/typeahead.js]
[admindesigns.com/stardom/xedit.html]
[admindesigns.com/stardom/tables.html]
[admindesigns.com/stardom/vendor/editors/xeditable/inputs/typeaheadjs/typeaheadjs.js]
[admindesigns.com/stardom/vendor/plugins/datatables/extras/TableTools/media/css/TableTools.css]
[admindesigns.com/stardom/vendor/plugins/datatables/extras/TableTools/media/js/TableTools.min.js]
[admindesigns.com/stardom/datatables.html]
[admindesigns.com/stardom/pricing-tables.html]
[admindesigns.com/stardom/vendor/plugins/datatables/extras/TableTools/media/js/ZeroClipboard.js]
[admindesigns.com/stardom/vendor/plugins/dynatree/skin-vista/ui.dynatree.css]
[admindesigns.com/stardom/img/stock/1.jpg]
[admindesigns.com/stardom/img/stock/2.jpg]
[admindesigns.com/stardom/img/stock/3.jpg]
[admindesigns.com/stardom/img/stock/11.jpg]
[admindesigns.com/stardom/img/stock/10.jpg]
[admindesigns.com/stardom/img/stock/9.jpg]
[admindesigns.com/stardom/vendor/plugins/dynatree/jquery.cookie.js]
[admindesigns.com/stardom/treeview.html]
[admindesigns.com/stardom/vendor/plugins/dynatree/jquery.dynatree.js]
[admindesigns.com/stardom/vendor/plugins/mfpopup/dist/magnific-popup.css]
[admindesigns.com/stardom/vendor/plugins/dropzone/downloads/css/dropzone.css]
[admindesigns.com/stardom/vendor/plugins/jqueryupload/plugins/blueimp/css/blueimp-gallery.min.css]
[admindesigns.com/stardom/vendor/plugins/jqueryupload/css/jquery.fileupload.css]
[admindesigns.com/stardom/vendor/plugins/jqueryupload/css/jquery.fileupload-ui.css]
[admindesigns.com/stardom/vendor/plugins/jqueryupload/css/jquery.fileupload-noscript.css]
[admindesigns.com/stardom/vendor/plugins/jqueryupload/css/jquery.fileupload-ui-noscript.css]
[admindesigns.com/stardom/vendor/plugins/mfpopup/dist/jquery.magnific-popup.js]
[admindesigns.com/stardom/vendor/plugins/dropzone/downloads/dropzone.min.js]
[admindesigns.com/stardom/vendor/plugins/jqueryupload/plugins/blueimp/js/tmpl.min.js]
[admindesigns.com/stardom/vendor/plugins/jqueryupload/plugins/blueimp/js/load-image.min.js]
[admindesigns.com/stardom/vendor/plugins/jqueryupload/plugins/blueimp/js/canvas-to-blob.min.js]
[admindesigns.com/stardom/vendor/plugins/jqueryupload/plugins/blueimp/js/jquery.blueimp-gallery.min.js]
[admindesigns.com/stardom/vendor/plugins/jqueryupload/js/jquery.iframe-transport.js]
[admindesigns.com/stardom/vendor/plugins/jqueryupload/js/jquery.fileupload.js]
[admindesigns.com/stardom/vendor/plugins/jqueryupload/js/jquery.fileupload-process.js]
[admindesigns.com/stardom/vendor/plugins/jqueryupload/js/jquery.fileupload-image.js]
[admindesigns.com/stardom/vendor/plugins/jqueryupload/js/jquery.fileupload-audio.js]
[admindesigns.com/stardom/vendor/plugins/jqueryupload/js/jquery.fileupload-video.js]
[admindesigns.com/stardom/vendor/plugins/jqueryupload/js/jquery.fileupload-validate.js]
[admindesigns.com/stardom/vendor/plugins/jqueryupload/js/jquery.fileupload-ui.js]
[admindesigns.com/stardom/upload-tools.html]
[admindesigns.com/stardom/vendor/plugins/jqueryupload/js/main.js]
[admindesigns.com/stardom/dynamic-gallery.html]
[admindesigns.com/stardom/vendor/plugins/mixitup/jquery.mixitup.min.js]
[admindesigns.com/stardom/vendor/plugins/imagecrop/css/jquery.Jcrop.min.css]
[admindesigns.com/stardom/img/stock/22.jpg]
[admindesigns.com/stardom/img/stock/21-sm.jpg]
[admindesigns.com/stardom/img/stock/21.jpg]
[admindesigns.com/stardom/vendor/plugins/imagecrop/js/jquery.Jcrop.min.js]
[admindesigns.com/stardom/image-tools.html]
[admindesigns.com/stardom/vendor/plugins/imagezoom/jquery.elevatezoom.min.js]
[admindesigns.com/stardom/nestable.html]
[admindesigns.com/stardom/vendor/plugins/nestable/jquery.nestable.js]
[admindesigns.com/stardom/fonts/icomoon/style.min.css]
[admindesigns.com/stardom/icons.html]
[admindesigns.com/stardom/vendor/plugins/scrollto/jquery.scrollTo-1.4.3.1-min.js]
[admindesigns.com/stardom/img/stock/car/large/1.jpg]
[admindesigns.com/stardom/animations.html]
[admindesigns.com/stardom/vendor/plugins/rangeslider/css/classic-min.css]
[admindesigns.com/stardom/vendor/plugins/jquerydial/jquery.knob.js]
[admindesigns.com/stardom/vendor/plugins/rangeslider/jQAllRangeSliders.min.js]
[admindesigns.com/stardom/sliders.html]
[admindesigns.com/stardom/vendor/plugins/notepad/wPaint.min.css]
[admindesigns.com/stardom/vendor/plugins/notepad/lib/wColorPicker.min.css]
[admindesigns.com/stardom/vendor/plugins/notepad/lib/wColorPicker.min.js]
[admindesigns.com/stardom/vendor/plugins/notepad/wPaint.min.js]
[admindesigns.com/stardom/vendor/plugins/notepad/plugins/main/wPaint.menu.main.min.js]
[admindesigns.com/stardom/vendor/plugins/notepad/plugins/text/wPaint.menu.text.min.js]
[admindesigns.com/stardom/vendor/plugins/notepad/plugins/shapes/wPaint.menu.main.shapes.min.js]
[admindesigns.com/stardom/sketchpad.html]
[admindesigns.com/stardom/vendor/plugins/notepad/plugins/file/wPaint.menu.main.file.min.js]
[admindesigns.com/stardom/vendor/plugins/map/gmaps.min.js]
[admindesigns.com/stardom/vendor/plugins/gmap/jquery.ui.map.min.js]
[admindesigns.com/stardom/vendor/plugins/gmap/ui/jquery.ui.map.services.js]
[admindesigns.com/stardom/vendor/plugins/gmap/ui/jquery.ui.map.extensions.js]
[admindesigns.com/stardom/vendor/plugins/gmap/ui/jquery.ui.map.microformat.js]
[admindesigns.com/stardom/img/mapicons/map-icon-2.png]
[admindesigns.com/stardom/img/mapicons/map-icon-3.png]
[admindesigns.com/stardom/img/mapicons/map-icon-4.png]
[admindesigns.com/stardom/img/mapicons/map-icon-5.png]
[admindesigns.com/stardom/maps.html]
[admindesigns.com/stardom/map-window.html]
[admindesigns.com/stardom/vendor/plugins/jvectormap/jquery-jvectormap-1.2.2.css]
[admindesigns.com/stardom/vendor/plugins/jvectormap/jquery-jvectormap-1.2.2.min.js]
[admindesigns.com/stardom/maps-vector.html]
[admindesigns.com/stardom/img/avatars/4.png]
[admindesigns.com/stardom/widgets.html]
[admindesigns.com/stardom/img/logos/logo-fade.png]
[admindesigns.com/stardom/invoice-page.html]
[admindesigns.com/stardom/vendor/bootstrap/fileupload/fileupload.css]
[admindesigns.com/stardom/img/stock/car/large/3.jpg]
[admindesigns.com/stardom/vendor/plugins/jvectormap/assets/jquery-jvectormap-world-mill-en.js]
[admindesigns.com/stardom/img/stock/car/large/4.jpg]
[admindesigns.com/stardom/img/stock/car/large/2.jpg]
[admindesigns.com/stardom/img/stock/7.jpg]
[admindesigns.com/stardom/vendor/plugins/gmap/jquery.ui.map.js]
[admindesigns.com/stardom/vendor/bootstrap/fileupload/fileupload.js]
[admindesigns.com/stardom/timeline.html]
[admindesigns.com/stardom/img/stock/5.jpg]
[admindesigns.com/stardom/img/stock/6.jpg]
[admindesigns.com/stardom/img/stock/12.jpg]
[admindesigns.com/stardom/img/stock/13.jpg]
[admindesigns.com/stardom/img/stock/14.jpg]
[admindesigns.com/stardom/img/stock/15.jpg]
[admindesigns.com/stardom/vendor/plugins/mfpopup/dist/jquery.magnific-popup.min.js]
[admindesigns.com/stardom/gallery.html]
[admindesigns.com/stardom/profile.html]
[admindesigns.com/stardom/faq.html]
[admindesigns.com/stardom/coming-soon.html]
[admindesigns.com/stardom/404-page.html]
[admindesigns.com/stardom/500-page.html]
[admindesigns.com/stardom/blank.html]
[admindesigns.com/stardom/index-2.html]
[ajax.aspnetcdn.com/ajax/jquery.dataTables/1.9.4/jquery.dataTables.min.js]
[admindesigns.com/stardom/fonts/glyphicons_pro/glyphicons-regular.svg]
[admindesigns.com/stardom/vendor/plugins/countdown/jquery.countdown.js]
[cdnjs.cloudflare.com/ajax/libs/flot/0.8.1/jquery.flot.min.js]
[cdnjs.cloudflare.com/ajax/libs/jquery-sparklines/2.1.2/jquery.sparkline.min.js]
[admindesigns.com/stardom/img/patterns/swatch-bg.png]
[admindesigns.com/stardom/img/patterns/1.png]
[admindesigns.com/stardom/img/patterns/2.png]
[admindesigns.com/stardom/img/patterns/3.png]
[admindesigns.com/stardom/img/patterns/4.png]
[admindesigns.com/stardom/img/patterns/6.png]
[admindesigns.com/stardom/img/patterns/7.png]
[admindesigns.com/stardom/css/customizer.css]
[admindesigns.com/stardom/vendor/plugins/colorpicker/saturation.png]
[admindesigns.com/stardom/vendor/plugins/colorpicker/hue.png]
[admindesigns.com/stardom/vendor/plugins/colorpicker/alpha.png]
[admindesigns.com/stardom/vendor/plugins/colorpicker/colorpicker.css]
[admindesigns.com/stardom/fonts/icomoon/fonts/icomoon.eot]
[admindesigns.com/stardom/fonts/icomoon/fonts/icomoond41d.eot]
[admindesigns.com/stardom/fonts/icomoon/fonts/icomoon.ttf]
[admindesigns.com/stardom/fonts/icomoon/style.css]
[admindesigns.com/stardom/documentation/vendor/highlight/styles/github.css]
[admindesigns.com/stardom/vendor/plugins/prettify/prettify.css]
[admindesigns.com/stardom/vendor/plugins/datatables/css/datatables.css]
[admindesigns.com/stardom/fonts/icomoon/fonts/icomoon.svg]
[admindesigns.com/stardom/fonts/icomoon/fonts/icomoon.woff]
[admindesigns.com/stardom/documentation/img/form/menu-arrow-up.117.delayed]
[admindesigns.com/stardom/documentation/img/slider-knob.119.delayed]
[admindesigns.com/stardom/documentation/vendor/plugins/uniform/themes/default/images/grip.png]
[admindesigns.com/stardom/documentation/vendor/plugins/gmap/images/arrow_left_12x12.png]
[admindesigns.com/stardom/documentation/vendor/plugins/gmap/images/arrow_right_12x12.png]
[admindesigns.com/stardom/documentation/img/form/sprite.png]
[admindesigns.com/stardom/documentation/img/form/bg-input.png]
[admindesigns.com/stardom/documentation/img/form/bg-input-focus.png]
[admindesigns.com/stardom/documentation/css/theme.css]
[admindesigns.com/stardom/documentation/img/bg-logo.png]
[admindesigns.com/stardom/documentation/css/css.css]
[admindesigns.com/stardom/documentation/style-1-tab2.html]
[admindesigns.com/stardom/documentation/style-2-tab2.html]
[admindesigns.com/stardom/documentation/style-3-tab2.html]
[admindesigns.com/stardom/documentation/www.elevateweb.co.uk/image-zoom.html]
[admindesigns.com/stardom/img/demo/frontend_preview1.jpg]
[admindesigns.com/stardom/img/demo/frontend_preview2.jpg]
[admindesigns.com/stardom/img/demo/frontend_preview3.jpg]
[admindesigns.com/stardom/img/demo/frontend_preview4.jpg]
[admindesigns.com/stardom/img/demo/frontend_preview5.jpg]
[admindesigns.com/stardom/img/demo/frontend_preview6.jpg]
[admindesigns.com/stardom/frontend_preview.html]
[admindesigns.com/stardom/documentation/pre.html]
[admindesigns.com/stardom/vendor/plugins/formswitch/css/bootstrap-switch.css]
[admindesigns.com/stardom/vendor/plugins/ladda/ladda.min.css]
[admindesigns.com/stardom/fonts/zocial/css/zocial.css]
[admindesigns.com/stardom/vendor/plugins/ladda/ladda.min.js]
[admindesigns.com/stardom/vendor/plugins/gritter/images/ie-spacer.gif]
[admindesigns.com/stardom/vendor/plugins/gritter/images/gritter.png]
[admindesigns.com/stardom/vendor/plugins/gritter/images/gritter-light.png]
[admindesigns.com/stardom/vendor/plugins/gritter/css/jquery.gritter.css]
[admindesigns.com/stardom/vendor/plugins/chosen/chosen-sprite.png]
[admindesigns.com/stardom/vendor/plugins/chosen/chosen-sprite@2x.png]
[admindesigns.com/stardom/vendor/plugins/chosen/chosen.min.css]
[admindesigns.com/stardom/vendor/plugins/timepicker/bootstrap-timepicker.min.css]
[admindesigns.com/stardom/vendor/plugins/datepicker/datepicker.css]
[admindesigns.com/stardom/vendor/plugins/daterange/daterangepicker.css]
[admindesigns.com/stardom/vendor/plugins/tags/tagmanager.css]
[admindesigns.com/stardom/vendor/editors/summernote/summernote.css]
[admindesigns.com/stardom/vendor/editors/markitup/skins/simple/images/handle.png]
[admindesigns.com/stardom/vendor/editors/markitup/skins/simple/images/menu.png]
[admindesigns.com/stardom/vendor/editors/markitup/skins/simple/images/submenu.png]
[admindesigns.com/stardom/vendor/editors/markitup/skins/simple/style.css]
[admindesigns.com/stardom/vendor/editors/markitup/sets/default/images/bold.png]
[admindesigns.com/stardom/vendor/editors/markitup/sets/default/images/italic.png]
[admindesigns.com/stardom/vendor/editors/markitup/sets/default/images/stroke.png]
[admindesigns.com/stardom/vendor/editors/markitup/sets/default/images/list-bullet.png]
[admindesigns.com/stardom/vendor/editors/markitup/sets/default/images/list-numeric.png]
[admindesigns.com/stardom/vendor/editors/markitup/sets/default/images/picture.png]
[admindesigns.com/stardom/vendor/editors/markitup/sets/default/images/link.png]
[admindesigns.com/stardom/vendor/editors/markitup/sets/default/images/clean.png]
[admindesigns.com/stardom/vendor/editors/markitup/sets/default/images/preview.png]
[admindesigns.com/stardom/vendor/editors/markitup/sets/default/style.css]
[admindesigns.com/stardom/vendor/editors/xeditable/img/loading.gif]
[admindesigns.com/stardom/vendor/editors/xeditable/img/clear.png]
[admindesigns.com/stardom/vendor/editors/xeditable/css/bootstrap-editable.css]
[admindesigns.com/stardom/vendor/editors/xeditable/inputs/address/address.css]
[admindesigns.com/stardom/vendor/editors/xeditable/inputs/typeaheadjs/lib/typeahead.js-bootstrap.css]
[admindesigns.com/stardom/vendor/plugins/datatables/extras/TableTools/media/images/collection.png]
[admindesigns.com/stardom/vendor/plugins/datatables/extras/TableTools/media/images/collection_hover.png]
[admindesigns.com/stardom/vendor/plugins/datatables/extras/TableTools/media/images/background.png]
[admindesigns.com/stardom/vendor/plugins/datatables/extras/TableTools/media/css/TableTools.css]
[admindesigns.com/stardom/vendor/plugins/dynatree/skin-vista/icons.gif]
[admindesigns.com/stardom/vendor/plugins/dynatree/skin-vista/loading.gif]
[admindesigns.com/stardom/vendor/plugins/dynatree/skin-vista/ui.dynatree.css]
[admindesigns.com/stardom/vendor/plugins/mfpopup/dist/magnific-popup.css]
[admindesigns.com/stardom/img/stock/8.jpg]
[admindesigns.com/stardom/img/stock/4.jpg]
[admindesigns.com/stardom/vendor/plugins/dropzone/downloads/images/spritemap.png]
[admindesigns.com/stardom/vendor/plugins/dropzone/downloads/images/spritemap@2x.png]
[admindesigns.com/stardom/vendor/plugins/dropzone/downloads/css/dropzone.css]
[admindesigns.com/stardom/vendor/plugins/jqueryupload/plugins/blueimp/img/loading.gif]
[admindesigns.com/stardom/vendor/plugins/jqueryupload/plugins/blueimp/img/play-pause.143.delayed]
[admindesigns.com/stardom/vendor/plugins/jqueryupload/plugins/blueimp/img/play-pause.svg]
[admindesigns.com/stardom/vendor/plugins/jqueryupload/plugins/blueimp/img/video-play.png]
[admindesigns.com/stardom/vendor/plugins/jqueryupload/plugins/blueimp/img/video-play.svg]
[admindesigns.com/stardom/vendor/plugins/jqueryupload/plugins/blueimp/css/blueimp-gallery.min.css]
[admindesigns.com/stardom/vendor/plugins/jqueryupload/css/jquery.fileupload.css]
[admindesigns.com/stardom/vendor/plugins/jqueryupload/img/progressbar.gif]
[admindesigns.com/stardom/vendor/plugins/jqueryupload/img/loading.gif]
[admindesigns.com/stardom/vendor/plugins/jqueryupload/css/jquery.fileupload-ui.css]
[admindesigns.com/stardom/vendor/plugins/jqueryupload/css/jquery.fileupload-noscript.css]
[admindesigns.com/stardom/vendor/plugins/jqueryupload/css/jquery.fileupload-ui-noscript.css]
[admindesigns.com/stardom/vendor/plugins/imagecrop/css/Jcrop.gif]
[admindesigns.com/stardom/vendor/plugins/imagecrop/css/jquery.Jcrop.min.css]
[admindesigns.com/stardom/fonts/icomoon/style.min.css]
[admindesigns.com/stardom/vendor/plugins/rangeslider/css/icons-classic/resultset_previous.png]
[admindesigns.com/stardom/vendor/plugins/rangeslider/css/icons-classic/resultset_next.png]
[admindesigns.com/stardom/vendor/plugins/rangeslider/css/icons-classic/label.png]
[admindesigns.com/stardom/vendor/plugins/rangeslider/css/classic-min.css]
[admindesigns.com/stardom/vendor/plugins/notepad/wPaint.min.css]
[admindesigns.com/stardom/vendor/plugins/notepad/lib/wColorPicker.min.css]
[admindesigns.com/stardom/vendor/plugins/jvectormap/jquery-jvectormap-1.2.2.css]
[admindesigns.com/stardom/vendor/bootstrap/fileupload/fileupload.css]
[cdnjs.cloudflare.com/ajax/libs/flot/0.8.1/jquery.flot.min.js]
[cdnjs.cloudflare.com/ajax/libs/jquery-sparklines/2.1.2/jquery.sparkline.min.js]
[admindesigns.com/stardom/fonts/icomoon/fonts/icomoon.svg]
[admindesigns.com/stardom/documentation/img/form/menu-arrow-up.html]
[admindesigns.com/stardom/documentation/img/slider-knob.html]
[admindesigns.com/stardom/documentation/vendor/plugins/uniform/themes/default/images/grip.html]
[admindesigns.com/stardom/documentation/vendor/plugins/gmap/images/arrow_left_12x12.html]
[admindesigns.com/stardom/documentation/vendor/plugins/gmap/images/arrow_right_12x12.html]
[admindesigns.com/stardom/documentation/img/form/sprite.html]
[admindesigns.com/stardom/documentation/img/form/bg-input.html]
[admindesigns.com/stardom/documentation/img/form/bg-input-focus.html]
[admindesigns.com/stardom/documentation/img/patterns/5.png]
[admindesigns.com/stardom/fonts/zocial/css/zocial-regular-webfont.eot]
[admindesigns.com/stardom/fonts/zocial/css/zocial-regular-webfont.ttf]
[admindesigns.com/stardom/fonts/zocial/css/zocial.css]
[admindesigns.com/stardom/fonts/zocial/css/zocial-regular-webfont.svg]
[admindesigns.com/stardom/vendor/plugins/ladda/ladda.min.js]
[admindesigns.com/stardom/vendor/plugins/jqueryupload/plugins/blueimp/img/loading.html]
[admindesigns.com/stardom/vendor/plugins/jqueryupload/plugins/blueimp/img/play-pause.html]
[admindesigns.com/stardom/vendor/plugins/jqueryupload/plugins/blueimp/img/play-pause-2.html]
[admindesigns.com/stardom/vendor/plugins/jqueryupload/plugins/blueimp/img/video-play.html]
[admindesigns.com/stardom/vendor/plugins/jqueryupload/plugins/blueimp/img/video-play-2.html]
[admindesigns.com/stardom/vendor/plugins/datatables/images/sort_desc_disabled.png]
[admindesigns.com/stardom/documentation/img/patterns/5.png]
[admindesigns.com/stardom/fonts/zocial/css/zocial-regular-webfont.svg]
[admindesigns.com/stardom/img/stock/8.jpg]
[admindesigns.com/stardom/vendor/plugins/jqueryupload/plugins/blueimp/img/error.png]
[admindesigns.com/stardom/vendor/plugins/jqueryupload/plugins/blueimp/img/error.svg]
[admindesigns.com/stardom/img/stock/4.jpg]
[admindesigns.com/stardom/vendor/plugins/jqueryupload/plugins/blueimp/img/error.png]
[admindesigns.com/stardom/vendor/plugins/jqueryupload/plugins/blueimp/img/error.svg]
[admindesigns.com/stardom/vendor/plugins/ladda/ladda.min.js]
